Microsoft (R) Macro Assembler Version 5.10                  4/1/18 19:35:51

                                                             Page     1-1


				EXTRN output_X: near
				
 0000				STK SEGMENT PARA STACK 'STACK'
 0000  0064[				db 100 dup(0)
	   00			
			 ]	
				
 0064				STK ENDS
				
 0000				DSEG SEGMENT PARA PUBLIC 'DATA'
 0000  41				X db 'A'
 0001				DSEG ENDS
				
 0000				CSEG SEGMENT PARA PUBLIC 'CODE'
					assume CS:CSEG, DS:DSEG, SS:STK
 0000				main:
 0000  B8 ---- R			mov ax, DSEG
 0003  8E D8				mov ds, ax
				
 0005  E8 0000 E			call output_X	
				
 0008  B8 4C00				mov ax, 4c00h
 000B  CD 21				int 21h
 000D				CSEG ENDS
				
				PUBLIC X
				
				END main
Microsoft (R) Macro Assembler Version 5.10                  4/1/18 19:35:51

                                                             Symbols-1


Segments and Groups:

                N a m e         	Length	 Align	Combine Class

CSEG . . . . . . . . . . . . . .  	000D	PARA	PUBLIC	'CODE'
DSEG . . . . . . . . . . . . . .  	0001	PARA	PUBLIC	'DATA'
STK  . . . . . . . . . . . . . .  	0064	PARA	STACK	'STACK'

Symbols:            

                N a m e         	Type	 Value	 Attr

MAIN . . . . . . . . . . . . . .  	L NEAR	0000	CSEG

OUTPUT_X . . . . . . . . . . . .  	L NEAR	0000		External

X  . . . . . . . . . . . . . . .  	L BYTE	0000	DSEG	Global

@CPU . . . . . . . . . . . . . .  	TEXT  0101h		
@FILENAME  . . . . . . . . . . .  	TEXT  lr05_1_1		
@VERSION . . . . . . . . . . . .  	TEXT  510		


     25 Source  Lines
     25 Total   Lines
     18 Symbols

  47214 + 446926 Bytes symbol space free

      0 Warning Errors
      0 Severe  Errors
